Creating test database for alias 'default'...
........./Users/lingchong/Downloads/wwwroot/workreport/.venv/lib/python3.12/site-packages/django/core/handlers/base.py:61: UserWarning: No directory at: /Users/lingchong/Downloads/wwwroot/workreport/staticfiles/
  mw_instance = middleware(adapted_handler)
..................................................................................................................................................................F
======================================================================
FAIL: test_admin_forbidden_uses_template (workreport.tests.test_sla_and_templates.CacheAndTemplateTests.test_admin_forbidden_uses_template)
----------------------------------------------------------------------
Traceback (most recent call last):
  File "/Users/lingchong/Downloads/wwwroot/workreport/tests/test_sla_and_templates.py", line 70, in test_admin_forbidden_uses_template
    self.assertIn(b'Access denied', resp.content)
AssertionError: b'Access denied' not found in b'<!DOCTYPE html>\n<html lang="zh-CN">\n\n\n<head>\n    <meta charset="UTF-8">\n    <title>\xe6\x97\xa0\xe6\x9d\x83\xe9\x99\x90 / Access Denied</title>\n    <meta name="viewport" content="width=device-width, initial-scale=1.0">\n    <!-- Font Awesome -->\n    <link rel="stylesheet" href="https://cdn.bootcdn.net/ajax/libs/font-awesome/6.4.0/css/all.min.css">\n    <link rel="stylesheet" href="/static/css/workreport.css">\n    <!-- Select2 CSS -->\n    <link href="https://cdn.bootcdn.net/ajax/libs/select2/4.1.0-rc.0/css/select2.min.css" rel="stylesheet" />\n    <!-- HTMX -->\n    <script src="https://cdn.bootcdn.net/ajax/libs/htmx/1.9.10/htmx.min.js"></script>\n    <!-- jQuery (Required for Select2) -->\n    <script src="https://cdn.bootcdn.net/ajax/libs/jquery/3.7.1/jquery.min.js"></script>\n    <!-- Select2 JS -->\n    <script src="https://cdn.bootcdn.net/ajax/libs/select2/4.1.0-rc.0/js/select2.min.js"></script>\n    <style>\n        \n        :root {\n            --primary: #2563eb;\n            --primary-2: #3b82f6;\n            --accent: #06b6d4;\n            --bg-card: rgba(255, 255, 255, 0.96);\n            --bg-glass: rgba(248, 250, 252, 0.9);\n            --border: rgba(226, 232, 240, 0.9);\n            --text: #1e293b;\n            --muted: #475569;\n            --radius-lg: 20px;\n            --radius-md: 14px;\n            --shadow: 0 16px 40px rgba(15, 23, 42, 0.14);\n        }\n        .forbidden-wrap {\n            max-width: 760px;\n            margin: 0 auto;\n            padding: 20px;\n        }\n        .forbidden-card {\n            background: linear-gradient(135deg, var(--bg-card), var(--bg-glass));\n            border: 1px solid var(--border);\n            border-radius: var(--radius-lg);\n            padding: 24px 26px;\n            box-shadow: var(--shadow);\n            position: relative;\n            overflow: hidden;\n        }\n        .forbidden-card::before {\n            content: \'\';\n            position: absolute;\n            top: 0; left: 0; right: 0;\n            height: 3px;\n            background: linear-gradient(90deg, var(--primary), var(--primary-2), var(--accent));\n            opacity: 0.85;\n        }\n        .forbidden-title {\n            margin: 0 0 8px;\n            font-size: 22px;\n            font-weight: 800;\n            color: var(--text);\n        }\n        .forbidden-desc {\n            margin: 0 0 14px;\n            color: var(--muted);\n            line-height: 1.6;\n            font-size: 14px;\n        }\n        .forbidden-actions {\n            display: flex;\n            gap: 12px;\n            flex-wrap: wrap;\n            margin-top: 24px;\n        }\n        .ghost-link {\n            display: inline-flex;\n            align-items: center;\n            justify-content: center;\n            padding: 10px 20px;\n            border-radius: 8px;\n            font-weight: 600;\n            font-size: 14px;\n            cursor: pointer;\n            transition: all 0.2s;\n            text-decoration: none;\n            background: rgba(255,255,255,0.5);\n            border: 1px solid var(--border);\n            color: var(--text);\n        }\n        .ghost-link:hover {\n            background: #fff;\n            box-shadow: 0 2px 5px rgba(0,0,0,0.05);\n        }\n        \n        @media (max-width: 640px) {\n            .forbidden-wrap { padding: 16px; }\n            .forbidden-card { padding: 20px; }\n            .forbidden-actions { flex-direction: column; }\n            .ghost-link { width: 100%; min-height: 44px; }\n        }\n\n    </style>\n</head>\n<body>\n<div class="page">\n    \n<style>\n    /* -------------------------------------------------------------------------- */\n    /* CSS Variables & Reset                                                      */\n    /* -------------------------------------------------------------------------- */\n    :root {\n        --nav-height: 64px;\n        --nav-bg: rgba(255, 255, 255, 0.95);\n        --nav-border: var(--border-color, #e5e7eb);\n        --nav-text: var(--text-secondary, #64748b);\n        --nav-text-hover: var(--text-main, #1e293b);\n        --nav-bg-hover: var(--bg-hover, #f1f5f9);\n        --nav-primary: var(--primary, #2563eb);\n        --nav-primary-light: var(--primary-light, #eff6ff);\n        --nav-shadow: 0 4px 6px -1px rgba(0, 0, 0, 0.05);\n        --nav-z-index: 1000;\n        --dropdown-z-index: 3000;\n    }\n\n    /* -------------------------------------------------------------------------- */\n    /* Layout: Topbar Container                                                   */\n    /* -------------------------------------------------------------------------- */\n    .topbar {\n        background: var(--nav-bg);\n        backdrop-filter: blur(12px);\n        -webkit-backdrop-filter: blur(12px);\n        border-bottom: 1px solid var(--nav-border);\n        position: sticky;\n        top: 0;\n        z-index: 9999;\n        padding: 0 16px; /* Mobile Padding */\n        min-height: var(--nav-height);\n        display: flex;\n        align-items: center;\n        justify-content: space-between;\n        gap: 12px;\n        transition: all 0.3s ease;\n        overflow: visible !important; /* Fix dropdown clipping issue */\n    }\n\n    /* -------------------------------------------------------------------------- */\n    /* Component: Brand Logo                                                      */\n    /* -------------------------------------------------------------------------- */\n    .brand {\n        display: flex;\n        align-items: center;\n        gap: 12px;\n        text-decoration: none;\n        flex-shrink: 0;\n        padding: 8px 0;\n    }\n\n    .brand-logo {\n        width: 36px;\n        height: 36px;\n        background: linear-gradient(135deg, var(--nav-primary), #4f46e5);\n        color: white;\n        border-radius: 10px;\n        display: flex;\n        align-items: center;\n        justify-content: center;\n        font-weight: 700;\n        font-size: 15px;\n        box-shadow: 0 2px 4px rgba(37, 99, 235, 0.2);\n    }\n\n    .brand-text {\n        display: flex;\n        flex-direction: column;\n    }\n\n    .brand-title {\n        font-weight: 700;\n        font-size: 16px;\n        color: var(--nav-text-hover);\n        line-height: 1.2;\n    }\n\n    .brand-subtitle {\n        font-size: 12px;\n        color: var(--nav-text);\n        margin-top: -2px;\n        font-weight: 500;\n        opacity: 0.8;\n    }\n\n    /* -------------------------------------------------------------------------- */\n    /* Component: Navigation Links (Desktop)                                      */\n    /* -------------------------------------------------------------------------- */\n    .nav-items {\n        display: none; /* Hidden on mobile by default */\n        align-items: center;\n        gap: 4px;\n    }\n\n    .nav-link {\n        color: var(--nav-text);\n        font-weight: 500;\n        padding: 8px 12px;\n        border-radius: 8px;\n        transition: all 0.2s cubic-bezier(0.4, 0, 0.2, 1);\n        font-size: 14px;\n        display: inline-flex;\n        align-items: center;\n        gap: 8px;\n        text-decoration: none;\n        white-space: nowrap;\n        height: 40px; /* Touch target size optimization */\n        border: 1px solid transparent;\n    }\n\n    .nav-link:hover, .nav-link:focus-visible {\n        color: var(--nav-text-hover);\n        background: var(--nav-bg-hover);\n        outline: none;\n    }\n    \n    .btn-primary { color: white !important; }\n    .btn-primary:hover { color: white !important; }\n\n    .nav-link.active {\n        color: var(--nav-primary);\n        background: var(--nav-primary-light);\n        font-weight: 600;\n    }\n\n    /* -------------------------------------------------------------------------- */\n    /* Component: Search Input                                                    */\n    /* -------------------------------------------------------------------------- */\n    .search-form {\n        position: relative;\n    }\n\n    .search-input {\n        padding: 8px 16px 8px 36px;\n        border-radius: 99px;\n        border: 1px solid var(--nav-border);\n        background: var(--bg-body, #f8fafc);\n        font-size: 14px;\n        width: 160px;\n        transition: all 0.2s ease;\n        height: 36px;\n    }\n\n    .search-input:focus {\n        width: 240px;\n        background: white;\n        border-color: var(--nav-primary);\n        outline: none;\n        box-shadow: 0 0 0 3px rgba(37, 99, 235, 0.1);\n    }\n    \n    .search-icon-marker {\n        position: absolute;\n        left: 12px;\n        top: 50%;\n        transform: translateY(-50%);\n        color: var(--nav-text);\n        font-size: 12px;\n        pointer-events: none;\n    }\n\n    /* -------------------------------------------------------------------------- */\n    /* Component: User Menu & Dropdowns                                           */\n    /* -------------------------------------------------------------------------- */\n    .user-menu-btn {\n        display: flex;\n        align-items: center;\n        gap: 8px;\n        padding: 4px 8px 4px 4px;\n        border-radius: 99px;\n        border: 1px solid var(--nav-border);\n        background: white;\n        cursor: pointer;\n        transition: all 0.2s;\n        text-decoration: none;\n        height: 36px;\n        user-select: none;\n    }\n\n    .user-menu-btn:hover, .user-menu-btn[aria-expanded="true"] {\n        border-color: var(--nav-text);\n        background: var(--nav-bg-hover);\n    }\n\n    .user-avatar-sm {\n        width: 28px;\n        height: 28px;\n        border-radius: 50%;\n        background: var(--nav-primary-light);\n        color: var(--nav-primary);\n        display: flex;\n        align-items: center;\n        justify-content: center;\n        font-size: 12px;\n        font-weight: 600;\n        overflow: hidden;\n    }\n\n    .user-name-sm {\n        font-size: 13px;\n        font-weight: 500;\n        color: var(--nav-text-hover);\n        padding-right: 4px;\n        max-width: 100px;\n        overflow: hidden;\n        text-overflow: ellipsis;\n        white-space: nowrap;\n    }\n\n    /* Dropdown Logic */\n    .dropdown { position: relative; }\n\n    .dropdown-menu {\n        position: absolute;\n        top: calc(100% + 8px);\n        right: 0;\n        background: white;\n        border: 1px solid var(--nav-border);\n        border-radius: 12px;\n        box-shadow: 0 10px 15px -3px rgba(0, 0, 0, 0.1), 0 4px 6px -2px rgba(0, 0, 0, 0.05);\n        min-width: 220px;\n        padding: 6px;\n        display: none;\n        flex-direction: column;\n        gap: 2px;\n        z-index: 9999; /* Max Z-Index to ensure it\'s always on top */\n        opacity: 0;\n        transform: translateY(-10px);\n        transition: opacity 0.2s ease, transform 0.2s ease;\n    }\n\n    .dropdown-menu.show {\n        display: flex;\n        opacity: 1;\n        transform: translateY(0);\n        pointer-events: auto;\n    }\n\n    .dropdown-item {\n        padding: 10px 12px;\n        font-size: 14px;\n        color: var(--nav-text-hover);\n        text-decoration: none;\n        border-radius: 8px;\n        display: flex;\n        align-items: center;\n        gap: 10px;\n        transition: background 0.1s;\n    }\n\n    .dropdown-item:hover, .dropdown-item:focus {\n        background: var(--nav-bg-hover);\n        outline: none;\n    }\n    \n    .dropdown-divider {\n        height: 1px;\n        background: var(--nav-border);\n        margin: 4px 0;\n    }\n\n    /* -------------------------------------------------------------------------- */\n    /* Component: Mobile Menu Button (Hamburger)                                  */\n    /* -------------------------------------------------------------------------- */\n    .mobile-menu-btn {\n        display: flex;\n        align-items: center;\n        justify-content: center;\n        background: none;\n        border: none;\n        width: 44px; /* Minimum touch target */\n        height: 44px;\n        cursor: pointer;\n        color: var(--nav-text-hover);\n        font-size: 20px;\n        border-radius: 8px;\n        transition: background 0.2s;\n    }\n\n    .mobile-menu-btn:hover {\n        background: var(--nav-bg-hover);\n    }\n    \n    .mobile-menu-btn:focus-visible {\n        outline: 2px solid var(--nav-primary);\n        outline-offset: 2px;\n    }\n\n    /* -------------------------------------------------------------------------- */\n    /* Component: Mobile Menu Container                                           */\n    /* -------------------------------------------------------------------------- */\n    .mobile-menu-container {\n        display: flex; /* Always flex, visibility controlled by opacity */\n        position: fixed;\n        top: var(--nav-height);\n        left: 0;\n        right: 0;\n        bottom: 0; /* Cover full screen */\n        height: calc(100vh - var(--nav-height)); /* Explicit height for mobile browsers */\n        background: white;\n        padding: 16px;\n        z-index: 998; /* Below topbar (9999) */\n        flex-direction: column;\n        gap: 8px;\n        overflow-y: auto;\n        -webkit-overflow-scrolling: touch; /* Smooth scroll on iOS */\n        \n        /* Animation */\n        opacity: 0;\n        transform: translateY(-10px);\n        pointer-events: none;\n        transition: opacity 0.3s ease, transform 0.3s ease;\n    }\n\n    /* Fallback for mobile browsers with dynamic URL bars */\n    @supports (-webkit-touch-callout: none) {\n        .mobile-menu-container {\n            height: -webkit-fill-available;\n            padding-bottom: 80px; /* Extra padding for bottom bar */\n        }\n    }\n    \n    .mobile-menu-container.show {\n        opacity: 1;\n        transform: translateY(0);\n        pointer-events: auto;\n    }\n    \n    /* Remove old animation keyframes if not used elsewhere */\n    \n    .mobile-nav-group {\n        border-top: 1px solid var(--nav-border);\n        margin-top: 8px;\n        padding-top: 8px;\n    }\n    .mobile-group-title {\n        font-size: 11px;\n        font-weight: 700;\n        text-transform: uppercase;\n        color: var(--nav-text);\n        margin: 8px 0 4px 12px;\n        letter-spacing: 0.5px;\n    }\n\n    /* -------------------------------------------------------------------------- */\n    /* Responsive Breakpoints                                                     */\n    /* -------------------------------------------------------------------------- */\n    \n    /* Desktop (>= 1024px) */\n    @media (min-width: 1024px) {\n        .brand-subtitle { display: block; }\n        .mobile-menu-btn { display: none; }\n        .mobile-menu-container { display: none !important; }\n        \n        .nav-items.desktop {\n            display: flex;\n        }\n        \n        .nav-items.desktop.scrollable {\n        flex: 1;\n        justify-content: flex-start;\n        padding: 0 20px;\n        overflow-x: auto; /* Enable horizontal scrolling */\n        scrollbar-width: none; /* Firefox */\n        -ms-overflow-style: none; /* IE/Edge */\n    }\n    .nav-items.desktop.scrollable::-webkit-scrollbar {\n        display: none; /* Chrome/Safari */\n    }\n        \n        .topbar { padding: 0 32px; }\n    }\n    \n    /* Tablet & Mobile (< 1024px) */\n    @media (max-width: 1023.98px) {\n        .user-name-sm { display: none; } /* Hide name on tablet to save space */\n        .search-form { display: none; } /* Hide search input on smaller screens */\n    }\n\n</style>\n\n<header class="topbar" role="banner">\n    <!-- Brand -->\n    <a href="/" class="brand" aria-label="WorkReport Home">\n        <div class="brand-logo" aria-hidden="true">WR</div>\n        <div class="brand-text">\n            <div class="brand-title">\xe6\x97\xa0\xe6\x9d\x83\xe9\x99\x90</div>\n            <div class="brand-subtitle">Access Denied</div>\n        </div>\n    </a>\n\n    <!-- Desktop Navigation (Center) -->\n    <nav class="nav-items desktop scrollable" aria-label="Main Navigation">\n        <a class="nav-link " href="/reports/workbench/">\n            <i class="fas fa-home" aria-hidden="true"></i> <span>\xe5\xb7\xa5\xe4\xbd\x9c\xe5\x8f\xb0 / Workbench</span>\n        </a>\n        <a class="nav-link " href="/projects/">\n            <i class="fas fa-project-diagram" aria-hidden="true"></i> <span>\xe9\xa1\xb9\xe7\x9b\xae / Projects</span>\n        </a>\n        <a class="nav-link " href="/tasks/">\n            <i class="fas fa-tasks" aria-hidden="true"></i> <span>\xe4\xbb\xbb\xe5\x8a\xa1 / Tasks</span>\n        </a>\n        <a class="nav-link " href="/reports/my/">\n            <i class="fas fa-file-alt" aria-hidden="true"></i> <span>\xe6\x97\xa5\xe6\x8a\xa5 / Reports</span>\n        </a>\n        <a class="btn btn-primary" href="/reports/new/" style="margin-left: 8px; font-size: 13px; padding: 6px 16px; white-space: nowrap; height: 36px; display: inline-flex; align-items: center; gap: 6px;">\n            <i class="fas fa-plus" aria-hidden="true"></i> <span>\xe5\x86\x99\xe6\x97\xa5\xe6\x8a\xa5 / Daily</span>\n        </a>\n    </nav>\n\n    <!-- Right Actions (Desktop) -->\n    <div class="nav-items desktop" style="gap: 12px;">\n        \n            <!-- Admin Dropdown -->\n            \n\n            <!-- Global Search -->\n            <form action="/reports/search/" method="get" class="search-form" role="search">\n                <i class="fas fa-search search-icon-marker" aria-hidden="true"></i>\n                <input type="text" name="q" class="search-input" placeholder="Search..." aria-label="Global Search">\n            </form>\n\n            <!-- Notifications -->\n            <div class="notification-center" id="notification-center">\n    <button class="ghost-link icon-btn" id="bell-btn" aria-label="Notifications">\n        <svg width="20" height="20" viewBox="0 0 24 24" fill="none" stroke="currentColor" stroke-width="2">\n            <path d="M18 8A6 6 0 0 0 6 8c0 7-3 9-3 9h18s-3-2-3-9"></path>\n            <path d="M13.73 21a2 2 0 0 1-3.46 0"></path>\n        </svg>\n        <span class="badge" id="notification-badge" style="display: none;">0</span>\n    </button>\n    \n    <div class="notification-dropdown" id="notification-dropdown">\n        <div class="dropdown-header">\n            <h3>\xe9\x80\x9a\xe7\x9f\xa5 / Notifications</h3>\n            <button class="text-btn" id="mark-all-read">\xe5\x85\xa8\xe9\x83\xa8\xe5\xb7\xb2\xe8\xaf\xbb / Mark all read</button>\n        </div>\n        <div class="notification-list" id="notification-list">\n            <div class="empty-state">\xe5\x8a\xa0\xe8\xbd\xbd\xe4\xb8\xad... / Loading...</div>\n        </div>\n        <div class="dropdown-footer">\n            <a href="/reports/notifications/">\xe6\x9f\xa5\xe7\x9c\x8b\xe5\x85\xa8\xe9\x83\xa8 / View All</a>\n        </div>\n    </div>\n</div>\n\n<style>\n    .notification-center {\n        position: relative;\n    }\n    .icon-btn {\n        padding: 8px;\n        border-radius: 50%;\n        position: relative;\n        display: flex;\n        align-items: center;\n        justify-content: center;\n        width: 40px;\n        height: 40px;\n    }\n    .badge {\n        position: absolute;\n        top: -2px;\n        right: -2px;\n        background: #ef4444;\n        color: white;\n        font-size: 10px;\n        font-weight: bold;\n        padding: 2px 5px;\n        border-radius: 10px;\n        min-width: 18px;\n        text-align: center;\n        border: 2px solid #fff;\n    }\n    .badge.pulse {\n        animation: pulse-animation 1s infinite;\n    }\n    @keyframes pulse-animation {\n        0% { transform: scale(1); }\n        50% { transform: scale(1.2); }\n        100% { transform: scale(1); }\n    }\n    .notification-dropdown {\n        position: absolute;\n        top: 100%;\n        right: 0;\n        width: 360px;\n        background: #fff;\n        border-radius: 12px;\n        box-shadow: 0 10px 40px rgba(0,0,0,0.15);\n        border: 1px solid rgba(0,0,0,0.05);\n        display: none;\n        flex-direction: column;\n        z-index: 9999;\n        max-height: 500px;\n        margin-top: 8px;\n    }\n    .notification-dropdown.open {\n        display: flex;\n    }\n    .dropdown-header {\n        padding: 12px 16px;\n        border-bottom: 1px solid #f1f5f9;\n        display: flex;\n        justify-content: space-between;\n        align-items: center;\n    }\n    .dropdown-header h3 {\n        margin: 0;\n        font-size: 14px;\n        font-weight: 700;\n    }\n    .text-btn {\n        background: none;\n        border: none;\n        color: #3b82f6;\n        font-size: 12px;\n        cursor: pointer;\n        padding: 0;\n    }\n    .text-btn:hover {\n        text-decoration: underline;\n    }\n    .notification-list {\n        overflow-y: auto;\n        flex: 1;\n        max-height: 400px;\n    }\n    .notification-item {\n        padding: 12px 16px;\n        border-bottom: 1px solid #f8fafc;\n        cursor: pointer;\n        transition: background 0.2s;\n        display: flex;\n        gap: 12px;\n        align-items: flex-start;\n    }\n    .notification-item:hover {\n        background: #f8fafc;\n    }\n    .notification-item.unread {\n        background: #eff6ff;\n    }\n    .notification-item.unread:hover {\n        background: #e0f2fe;\n    }\n    .notif-icon {\n        width: 32px;\n        height: 32px;\n        border-radius: 8px;\n        background: #f1f5f9;\n        display: flex;\n        align-items: center;\n        justify-content: center;\n        flex-shrink: 0;\n    }\n    .notif-content {\n        flex: 1;\n    }\n    .notif-title {\n        font-size: 13px;\n        font-weight: 600;\n        margin-bottom: 4px;\n        color: #0f172a;\n    }\n    .notif-msg {\n        font-size: 12px;\n        color: #64748b;\n        line-height: 1.4;\n        display: -webkit-box;\n        -webkit-line-clamp: 2;\n        -webkit-box-orient: vertical;\n        overflow: hidden;\n    }\n    .notif-time {\n        font-size: 11px;\n        color: #94a3b8;\n        margin-top: 4px;\n    }\n    .dropdown-footer {\n        padding: 10px;\n        text-align: center;\n        border-top: 1px solid #f1f5f9;\n        background: #f8fafc;\n        border-radius: 0 0 12px 12px;\n    }\n    .dropdown-footer a {\n        font-size: 12px;\n        color: #64748b;\n        text-decoration: none;\n    }\n    .empty-state {\n        padding: 20px;\n        text-align: center;\n        color: #94a3b8;\n        font-size: 13px;\n    }\n    \n    @media (max-width: 640px) {\n        .notification-dropdown {\n            position: fixed;\n            top: 60px;\n            left: 10px;\n            right: 10px;\n            width: auto;\n        }\n    }\n</style>\n\n<script>\n    document.addEventListener(\'DOMContentLoaded\', function() {\n        const bellBtn = document.getElementById(\'bell-btn\');\n        const dropdown = document.getElementById(\'notification-dropdown\');\n        const list = document.getElementById(\'notification-list\');\n        const badge = document.getElementById(\'notification-badge\');\n        const markAllBtn = document.getElementById(\'mark-all-read\');\n        let socket = null;\n        let isOpen = false;\n\n        // Toggle Dropdown\n        bellBtn.addEventListener(\'click\', (e) => {\n            e.stopPropagation();\n            isOpen = !isOpen;\n            dropdown.classList.toggle(\'open\', isOpen);\n            if (isOpen) {\n                fetchNotifications();\n            }\n        });\n\n        // Close when clicking outside\n        document.addEventListener(\'click\', (e) => {\n            if (isOpen && !dropdown.contains(e.target) && !bellBtn.contains(e.target)) {\n                isOpen = false;\n                dropdown.classList.remove(\'open\');\n            }\n        });\n\n        // Fetch Notifications via API\n        function fetchNotifications() {\n            fetch("/reports/api/notifications/list/")\n                .then(response => response.json())\n                .then(data => {\n                    renderList(data.notifications);\n                    updateBadge(data.unread_count);\n                });\n        }\n\n        function updateBadge(count) {\n            if (count > 0) {\n                badge.textContent = count > 99 ? \'99+\' : count;\n                badge.style.display = \'block\';\n                // Add pulse animation\n                badge.classList.add(\'pulse\');\n                setTimeout(() => badge.classList.remove(\'pulse\'), 1000);\n            } else {\n                badge.style.display = \'none\';\n            }\n        }\n\n        function renderList(notifications) {\n            if (notifications.length === 0) {\n                list.innerHTML = \'<div class="empty-state">\xe6\x9a\x82\xe6\x97\xa0\xe9\x80\x9a\xe7\x9f\xa5 / No notifications</div>\';\n                return;\n            }\n            list.innerHTML = notifications.map(n => `\n                <div class="notification-item ${n.is_read ? \'\' : \'unread\'} ${n.priority === \'high\' ? \'priority-high\' : \'\'}" onclick="handleNotificationClick(${n.id}, \'${n.notification_type}\', \'${n.data?.task_id || \'\'}\')">\n                    <div class="notif-icon">\n                        ${getIcon(n.notification_type, n.priority)}\n                    </div>\n                    <div class="notif-content">\n                        <div class="notif-title">\n                            ${n.priority === \'high\' ? \'<span style="color:#ef4444;margin-right:2px;">!</span>\' : \'\'}\n                            ${n.title}\n                        </div>\n                        <div class="notif-msg">${n.message}</div>\n                        <div class="notif-time">${n.time_since}</div>\n                    </div>\n                </div>\n            `).join(\'\');\n        }\n\n        function getIcon(type, priority) {\n            if (priority === \'high\') return \'\xe2\x9a\xa0\xef\xb8\x8f\';\n            // Simple SVG icons based on type\n            if (type === \'task_assigned\') return \'\xf0\x9f\x93\x8b\';\n            if (type === \'task_mention\') return \'@\';\n            if (type === \'task_updated\') return \'\xf0\x9f\x93\x9d\';\n            return \'\xf0\x9f\x94\x94\';\n        }\n\n        // WebSocket Connection\n        function connectWebSocket() {\n            const protocol = window.location.protocol === \'https:\' ? \'wss:\' : \'ws:\';\n            socket = new WebSocket(protocol + \'//\' + window.location.host + \'/ws/notifications/\');\n\n            socket.onopen = function(e) {\n                // console.log(\'Notification WebSocket connected\');\n            };\n\n            socket.onmessage = function(e) {\n                const data = JSON.parse(e.data);\n                // console.log(\'New notification:\', data);\n                \n                // Show badge increment\n                const current = parseInt(badge.textContent) || 0;\n                updateBadge(current + 1);\n                \n                // If open, prepend to list\n                if (isOpen) {\n                    // Re-fetch is easiest to keep sort order and format consistent\n                    fetchNotifications(); \n                }\n                \n                // Optional: Sound or Toast\n                playNotificationSound();\n            };\n\n            socket.onclose = function(e) {\n                console.error(\'WebSocket closed. Reconnecting in 5s...\');\n                setTimeout(connectWebSocket, 5000);\n            };\n        }\n\n        function playNotificationSound() {\n            // Simple beep or check user preference\n            // Audio context logic here if needed\n        }\n\n        // Mark All Read\n        markAllBtn.addEventListener(\'click\', () => {\n            fetch("/reports/api/notifications/mark-read/", {\n                method: \'POST\',\n                headers: {\n                    \'X-CSRFToken\': \'MS9OiOEi0e7wSvwMiUN0wI1B5qiImUsAYTjwuxGkdrCKPw2lMFSsol6tomd61m8j\'\n                }\n            }).then(() => {\n                fetchNotifications();\n            });\n        });\n\n        // Initialize\n        if ("True" === "True") {\n            fetchNotifications(); // Initial fetch for badge\n            connectWebSocket();\n        }\n\n        // Global handler for click (needs to be attached to window or handled via event delegation above)\n        window.handleNotificationClick = function(id, type, targetId) {\n            // Mark read\n            fetch(`/reports/api/notifications/${id}/mark-read/`, {\n                method: \'POST\',\n                headers: {\n                    \'X-CSRFToken\': \'MS9OiOEi0e7wSvwMiUN0wI1B5qiImUsAYTjwuxGkdrCKPw2lMFSsol6tomd61m8j\'\n                }\n            }).then(() => {\n                // Redirect logic\n                if (type.startsWith(\'task\') && targetId) {\n                    window.location.href = `/tasks/${targetId}/view/`;\n                } else {\n                    // Default redirect or just refresh\n                    fetchNotifications();\n                }\n            });\n        };\n    });\n</script>\n\n\n            <!-- User Menu -->\n            <div class="dropdown" id="user-dropdown-container">\n                <button type="button" class="user-menu-btn" \n                        id="user-menu-btn"\n                        aria-expanded="false" \n                        aria-haspopup="true" \n                        aria-controls="user-menu"\n                        onclick="toggleDropdown(\'user-menu\', this)">\n                    <div class="user-avatar-sm">\n                        \n                        \n                            U\n                        \n                        \n                    </div>\n                    <span class="user-name-sm">u1</span>\n                    <i class="fas fa-chevron-down" style="font-size: 10px; color: var(--nav-text);" aria-hidden="true"></i>\n                </button>\n                <div class="dropdown-menu" id="user-menu" role="menu" aria-labelledby="user-menu-btn">\n                    <a class="dropdown-item" role="menuitem" href="/core/settings/">\n                        <i class="fas fa-user-cog" aria-hidden="true"></i> \xe4\xb8\xaa\xe4\xba\xba\xe4\xb8\xad\xe5\xbf\x83 / Settings\n                    </a>\n                    <div class="dropdown-divider"></div>\n                    <a class="dropdown-item" role="menuitem" href="#" onclick="document.getElementById(\'logout-form\').submit(); return false;">\n                        <i class="fas fa-sign-out-alt" aria-hidden="true"></i> \xe9\x80\x80\xe5\x87\xba\xe7\x99\xbb\xe5\xbd\x95 / Logout\n                    </a>\n                </div>\n            </div>\n            <form id="logout-form" action="/core/logout/" method="post" style="display: none;"><input type="hidden" name="csrfmiddlewaretoken" value="MS9OiOEi0e7wSvwMiUN0wI1B5qiImUsAYTjwuxGkdrCKPw2lMFSsol6tomd61m8j"></form>\n        \n    </div>\n\n    <!-- Mobile Menu Toggle -->\n    <button class="mobile-menu-btn" \n            aria-label="Toggle Navigation Menu" \n            aria-expanded="false" \n            aria-controls="mobile-menu" \n            onclick="toggleMobileMenu(this)">\n        <i class="fas fa-bars" aria-hidden="true"></i>\n    </button>\n\n    <!-- Mobile Menu Container -->\n    <div class="mobile-menu-container" id="mobile-menu">\n        <a class="nav-link" href="/reports/workbench/">\xe5\xb7\xa5\xe4\xbd\x9c\xe5\x8f\xb0 / Workbench</a>\n        <a class="nav-link" href="/projects/">\xe9\xa1\xb9\xe7\x9b\xae / Projects</a>\n        <a class="nav-link" href="/tasks/">\xe4\xbb\xbb\xe5\x8a\xa1 / Tasks</a>\n        <a class="nav-link" href="/reports/my/">\xe6\x97\xa5\xe6\x8a\xa5 / Reports</a>\n        <a class="nav-link" href="/reports/new/">\xe5\x86\x99\xe6\x97\xa5\xe6\x8a\xa5 / New Report</a>\n        \n        <!-- Admin Section for Mobile -->\n        \n\n        <div class="mobile-nav-group">\n            <div class="mobile-group-title">\xe8\xb4\xa6\xe6\x88\xb7 / Account</div>\n            <a class="nav-link" href="/core/settings/">\xe4\xb8\xaa\xe4\xba\xba\xe4\xb8\xad\xe5\xbf\x83 / Settings</a>\n            <a class="nav-link" href="#" onclick="document.getElementById(\'logout-form\').submit();">\xe9\x80\x80\xe5\x87\xba\xe7\x99\xbb\xe5\xbd\x95 / Logout</a>\n        </div>\n    </div>\n\n</header>\n\n<script>\n    /**\n     * Navbar Interactive Logic\n     * Features: Dropdown Toggling, Click Outside, Keyboard Nav, Mobile Menu\n     */\n\n    function toggleDropdown(id, btn) {\n        const menu = document.getElementById(id);\n        const isExpanded = btn.getAttribute(\'aria-expanded\') === \'true\';\n        \n        // Close all other dropdowns first\n        closeAllDropdowns();\n\n        if (!isExpanded) {\n            menu.classList.add(\'show\');\n            btn.setAttribute(\'aria-expanded\', \'true\');\n            // Accessibility focus management could go here\n        }\n    }\n\n    function closeAllDropdowns() {\n        document.querySelectorAll(\'.dropdown-menu.show\').forEach(el => {\n            el.classList.remove(\'show\');\n            const btnId = el.getAttribute(\'aria-labelledby\');\n            if (btnId) {\n                document.getElementById(btnId).setAttribute(\'aria-expanded\', \'false\');\n            }\n        });\n    }\n\n    function toggleMobileMenu(btn) {\n        closeAllDropdowns();\n        const menu = document.getElementById(\'mobile-menu\');\n        const icon = btn.querySelector(\'i\');\n        const isExpanded = btn.getAttribute(\'aria-expanded\') === \'true\';\n        \n        if (isExpanded) {\n            menu.classList.remove(\'show\');\n            btn.setAttribute(\'aria-expanded\', \'false\');\n            if (icon) {\n                icon.classList.remove(\'fa-times\');\n                icon.classList.add(\'fa-bars\');\n            }\n            document.body.style.overflow = \'\'; // Restore scrolling\n        } else {\n            menu.classList.add(\'show\');\n            btn.setAttribute(\'aria-expanded\', \'true\');\n            if (icon) {\n                icon.classList.remove(\'fa-bars\');\n                icon.classList.add(\'fa-times\');\n            }\n            document.body.style.overflow = \'hidden\'; // Lock scrolling\n        }\n    }\n\n    // Global Click Listener (Delegation for performance)\n    document.addEventListener(\'click\', function(e) {\n        // Close dropdowns if clicking outside\n        if (!e.target.closest(\'.dropdown\')) {\n            closeAllDropdowns();\n        }\n        \n        // Close mobile menu if clicking outside topbar and not on menu content\n        // Note: With full screen menu, clicking "outside" usually means clicking on the menu itself (which is fine)\n        // or clicking on the topbar. The logic here handles closing if user clicks topbar links.\n        if (!e.target.closest(\'.topbar\') && !e.target.closest(\'.mobile-menu-container\')) {\n            // This condition is rarely met with full screen menu, but kept for safety\n            const mobileMenu = document.getElementById(\'mobile-menu\');\n            const mobileBtn = document.querySelector(\'.mobile-menu-btn\');\n            if (mobileMenu && mobileMenu.classList.contains(\'show\')) {\n                toggleMobileMenu(mobileBtn);\n            }\n        }\n    });\n\n    // Keyboard Accessibility (Escape to close)\n    document.addEventListener(\'keydown\', function(e) {\n        if (e.key === \'Escape\') {\n            closeAllDropdowns();\n            const mobileMenu = document.getElementById(\'mobile-menu\');\n            if (mobileMenu && mobileMenu.classList.contains(\'show\')) {\n                toggleMobileMenu(document.querySelector(\'.mobile-menu-btn\'));\n            }\n        }\n    });\n</script>\n\n<!-- \n    Documentation & Performance Report\n    ==================================\n    1. Browser Compatibility:\n       - Tested for Chrome (latest), Firefox (latest), Safari (latest), Edge (latest).\n       - Used standard Flexbox/Grid layouts supported by all modern browsers (caniuse > 98%).\n       - CSS Variables used with fallback values where applicable.\n       - -webkit-backdrop-filter added for Safari support.\n\n    2. Responsive Breakpoints:\n       - Mobile (< 1024px): Collapsed menu, simplified header, touch-friendly targets (44px+).\n       - Desktop (>= 1024px): Full navigation, hover effects, search bar visible.\n\n    3. Performance Optimization:\n       - CSS Transitions: Used hardware-accelerated properties (transform, opacity).\n       - JavaScript: Minimal inline script, event delegation used for click listeners.\n       - Layout: Fixed height/min-height to prevent Layout Shift (CLS).\n\n    4. Accessibility (A11y):\n       - Semantic HTML: <header>, <nav>, <button>.\n       - ARIA Attributes: aria-label, aria-expanded, aria-controls, role="menu".\n       - Keyboard Support: Focus visible states, Escape key to close menus.\n       - Color Contrast: Compliant with WCAG AA standards (via existing theme variables).\n-->\n\n\n    <main class="content">\n        <!-- Toast Container (Global) -->\n        <div id="toastContainer" class="toast-container"></div>\n\n        \n            <div class="flash-stack">\n                \n                    <div class="flash flash-error">\xe9\x9c\x80\xe8\xa6\x81\xe7\xae\xa1\xe7\x90\x86\xe5\x91\x98\xe6\x9d\x83\xe9\x99\x90 / Admin access required</div>\n                \n            </div>\n        \n        \n<div class="forbidden-wrap">\n    <div class="forbidden-card">\n        <h1 class="forbidden-title">\xe6\x97\xa0\xe6\x9d\x83\xe9\x99\x90\xe8\xae\xbf\xe9\x97\xae / Access Denied</h1>\n        <p class="forbidden-desc">\n            \xe5\xbd\x93\xe5\x89\x8d\xe8\xb4\xa6\xe6\x88\xb7\xe6\xb2\xa1\xe6\x9c\x89\xe8\xae\xbf\xe9\x97\xae\xe8\xaf\xa5\xe9\xa1\xb5\xe9\x9d\xa2\xe7\x9a\x84\xe6\x9d\x83\xe9\x99\x90\xe3\x80\x82\xe5\xa6\x82\xe9\x9c\x80\xe5\xbc\x80\xe9\x80\x9a\xef\xbc\x8c\xe8\xaf\xb7\xe8\x81\x94\xe7\xb3\xbb\xe7\xae\xa1\xe7\x90\x86\xe5\x91\x98\xe3\x80\x82 / You don\xe2\x80\x99t have permission to view this page. Contact an administrator if you need access.\n        </p>\n        \n        <div class="forbidden-actions">\n            <a class="ghost-link" href="/reports/workbench/">\xe8\xbf\x94\xe5\x9b\x9e\xe5\xb7\xa5\xe4\xbd\x9c\xe5\x8f\xb0 / Back to workbench</a>\n            <a class="ghost-link" href="/core/settings/">\xe4\xb8\xaa\xe4\xba\xba\xe4\xb8\xad\xe5\xbf\x83 / Account settings</a>\n        </div>\n    </div>\n</div>\n\n    </main>\n</div>\n    \n    <script src="/static/js/command_palette.js"></script>\n    <script>\n        // Global Toast Function\n        function showToast(type, title, message) {\n            const container = document.getElementById(\'toastContainer\');\n            if (!container) return; // Should exist in base\n            \n            const toast = document.createElement(\'div\');\n            toast.className = `toast toast-${type} show`;\n            \n            let icon = \'\';\n            if (type === \'success\') {\n                icon = \'<svg width="16" height="16" viewBox="0 0 24 24" fill="none" stroke="currentColor" stroke-width="3"><polyline points="20 6 9 17 4 12"></polyline></svg>\';\n            } else if (type === \'error\') {\n                icon = \'<svg width="16" height="16" viewBox="0 0 24 24" fill="none" stroke="currentColor" stroke-width="3"><circle cx="12" cy="12" r="10"></circle><line x1="12" y1="8" x2="12" y2="12"></line><line x1="12" y1="16" x2="12.01" y2="16"></line></svg>\';\n            } else {\n                icon = \'<svg width="16" height="16" viewBox="0 0 24 24" fill="none" stroke="currentColor" stroke-width="3"><circle cx="12" cy="12" r="10"></circle><line x1="12" y1="16" x2="12" y2="12"></line><line x1="12" y1="8" x2="12.01" y2="8"></line></svg>\';\n            }\n\n            toast.innerHTML = `\n                <div class="toast-icon">${icon}</div>\n                <div class="toast-content">\n                    <div class="toast-title">${title}</div>\n                    <div class="toast-msg">${message}</div>\n                </div>\n            `;\n            \n            container.appendChild(toast);\n            \n            // Auto remove\n            setTimeout(() => {\n                toast.style.transform = \'translateX(120%)\';\n                setTimeout(() => toast.remove(), 300);\n            }, 5000);\n        }\n    </script>\n</body>\n</html>\n'

----------------------------------------------------------------------
Ran 172 tests in 35.003s

FAILED (failures=1)
Destroying test database for alias 'default'...
Found 192 test(s).
System check identified no issues (0 silenced).
Successfully loaded and rendered core_tags
Initializing templates from reports/data/definitions/test_roles.yaml for prod environment...
Created RoleTemplate: Test Dev Template (dev)
Processed 1/1 templates.
Successfully initialized all templates.
Initializing templates from reports/data/definitions/test_roles.yaml for prod environment...
Updated RoleTemplate: Test Dev Template (dev)
Processed 1/1 templates.
Successfully initialized all templates.
Initializing templates from reports/data/definitions/test_roles.yaml for prod environment...
Created RoleTemplate: Test Dev Template (dev)
Processed 1/1 templates.
Successfully initialized all templates.
Initializing templates from reports/data/definitions/test_roles.yaml for prod environment...
Created RoleTemplate: Test Dev Template (dev)
Skipping invalid role: invalid_role
Processed 2/2 templates.
Successfully initialized all templates.
Starting standard template initialization...
Successfully initialized all standard templates.
Manager delete response: 200
Total Logs: 1
Log: update - Details: {'diff': {'status': {'verbose_name': '状态', 'old': '待处理 / To Do', 'new': '进行中 / In Progress'}}}
DEBUG: category='BUG', choices=['TASK', 'BUG']
DEBUG: Filtering by category=BUG
DEBUG: category='TASK', choices=['TASK', 'BUG']
DEBUG: Filtering by category=TASK

--- Superuser Performance ---
Superuser Queries: 9

--- Manager Performance ---
Manager Queries: 9

--- Admin Task Stats Performance ---
Queries: 13
DEBUG: category='', choices=['TASK', 'BUG']
DEBUG: Category  NOT in choices
DEBUG: category='', choices=['TASK', 'BUG']
DEBUG: Category  NOT in choices
DEBUG: category='', choices=['TASK', 'BUG']
DEBUG: Category  NOT in choices

--- Performance Board Stats ---
Queries: 13
DEBUG: category='', choices=['TASK', 'BUG']
DEBUG: Category  NOT in choices
